// Jest Snapshot v1, https://goo.gl/fbAQLP

exports[`ProgressBar.vue snapshots renders correctly 1`] = `
<div
  class="progress-bar progress-bar--hidden"
  style="width: 0%;"
/>
`;
